// Jest Snapshot v1, https://goo.gl/fbAQLP

exports[`コンテンツ群が表示されていること 1`] = `
<div
  className="contents"
>
  <p
    className="content-title"
  >
    CONTENTS
  </p>
  <div
    className="content"
  >
    <picture>
      <source
        srcSet="sample_webp_image.webp"
        type="image/webp"
      />
      <img
        alt="thumbnail"
        src="sample_png_image.png"
      />
    </picture>
    <div
      className="content-description"
    >
      <p
        className="content-description-title"
      >
        sample english title
      </p>
      <p
        className="content-description-detail"
      >
        sample english description
      </p>
      <div
        className="link"
      >
        <a
          className="link-button"
          href="http://hoge.fuga"
          rel="noopener noreferrer"
          target="_blank"
        >
          Go website
        </a>
      </div>
    </div>
  </div>
</div>
`;
