// Jest Snapshot v1, https://goo.gl/fbAQLP

exports[`コンテンツ群が表示されていること 1`] = `
<div
  className="contents"
>
  <p
    className="content-title"
  >
    CONTENTS
  </p>
  <div
    className="content"
  >
    <picture
      data-testid="content-thumbnail"
    >
      <source
        srcSet="/test/sample_webp_image.webp"
        type="image/webp"
      />
      <img
        alt="thumbnail"
        src="/test/sample_png_image.png"
      />
    </picture>
    <div
      className="content-description"
    >
      <p
        className="content-description-title"
        data-testid="content-description-title"
      >
        サンプル日本語タイトル
      </p>
      <p
        className="content-description-detail"
        data-testid="content-description-detail"
      >
        サンプル日本語説明文
      </p>
      <div
        className="link"
      >
        <a
          className="link-button"
          href="http://hoge.fuga"
          rel="noopener noreferrer"
          target="_blank"
        >
          Webサイトへ行ってみる
        </a>
      </div>
    </div>
  </div>
</div>
`;
