// Jest Snapshot v1, https://goo.gl/fbAQLP

exports[`Footer が表示されていること 1`] = `
<div
  className="footer"
  data-testid="footer"
>
  <p>
    ©︎2022    
    <a
      href="https://twitter.com/27ma4_ton10"
      rel="noopener noreferrer"
      target="_blank"
    >
      @27ma4_ton10
    </a>
  </p>
</div>
`;
