// Jest Snapshot v1, https://goo.gl/fbAQLP

exports[`Footer が表示されていること 1`] = `
<div
  className="footer"
  data-testid="footer"
>
  <p
    className="privacy_policy"
    onClick={[Function]}
  >
    Privacy Policy
  </p>
  <p>
    ©︎2022    
    <a
      rel="noopener noreferrer"
      target="_blank"
    >
      @27ma4_ton10_v1
    </a>
  </p>
</div>
`;
