// Jest Snapshot v1, https://goo.gl/fbAQLP

exports[`自己紹介文が表示されていること 1`] = `
<div
  className="profile-description"
>
  <div
    className="name-and-sns"
  >
    <p>
      テスト名前
    </p>
    <a
      href="sample-test-twitter-url"
      rel="noopener noreferrer"
      target="_blank"
    >
      <img
        alt="twitter-icon"
        src="assets/twitter_logo_blue.png"
      />
    </a>
  </div>
  <div
    className="profile-details"
  >
    <p>
      サンプル説明文
    </p>
    <p>
      0000-0000-0000-0000
    </p>
  </div>
  <div
    className="name-card-link"
  >
    <a
      className="name-card-button"
      href="/assets/name_card.jpg"
      rel="noopener noreferrer"
      target="_blank"
    >
      名刺を表示
    </a>
  </div>
</div>
`;
