// Jest Snapshot v1, https://goo.gl/fbAQLP

exports[`自己紹介文が表示されていること 1`] = `
<div
  className="profile-description"
>
  <div
    data-testid="row"
  />
  <div
    className="profile-details"
  >
    <p>
      サンプル説明文
    </p>
    <p>
      サンプル趣味
    </p>
    <p>
      0000-0000-0000-0000
    </p>
    <p>
      sample#0000
    </p>
  </div>
</div>
`;
