// Jest Snapshot v1, https://goo.gl/fbAQLP

exports[`SecretA コンポーネントが表示されること 1`] = `
<div
  className="secret-a-background"
>
  <button
    className="secret-a-button"
    data-testid="secret-a-button"
    onClick={[Function]}
    type="button"
  >
    ｴ  ﾝ ｹﾞ ｲﾌﾞ       ﾆ   ﾅﾙ?
  </button>
</div>
`;
